// Jest Snapshot v1, https://goo.gl/fbAQLP

exports[`Counter increments the count when the button is clicked 1`] = `
<div
  className="container"
>
  <div
    className="row"
  >
    <h1
      className="col-6 form-control"
    >
      Count : 
      1
    </h1>
    <button
      className="col-3 btn-danger btn"
      onClick={[Function]}
      type="button"
    >
      Add
    </button>
  </div>
</div>
`;

exports[`Counter renderer correctly 1`] = `
<div
  className="container"
>
  <div
    className="row"
  >
    <h1
      className="col-6 form-control"
    >
      Count : 
      0
    </h1>
    <button
      className="col-3 btn-danger btn"
      onClick={[Function]}
      type="button"
    >
      Add
    </button>
  </div>
</div>
`;
